// Jest Snapshot v1, https://goo.gl/fbAQLP

exports[`courses parse parses the course block correctly for CHEM 1`] = `
Array [
  Object {
    "courseNumber": "090",
    "creditHours": 3,
    "name": "Introduction to Chemistry",
    "subjectCode": "CHEM",
  },
  Object {
    "courseNumber": "091",
    "creditHours": 3,
    "name": "Introduction to Chemistry II",
    "subjectCode": "CHEM",
  },
  Object {
    "courseNumber": "100",
    "creditHours": Array [
      0,
      4,
    ],
    "name": "Chemistry and Society",
    "subjectCode": "CHEM",
  },
  Object {
    "courseNumber": "111",
    "creditHours": 4,
    "name": "Intro Gen Organic & Biochem",
    "subjectCode": "CHEM",
  },
  Object {
    "courseNumber": "112",
    "creditHours": 2,
    "name": "Intro to Organic & Biochem",
    "subjectCode": "CHEM",
  },
  Object {
    "courseNumber": "116",
    "creditHours": 4,
    "name": "General Chemistry II",
    "subjectCode": "CHEM",
  },
  Object {
    "courseNumber": "124",
    "creditHours": 4,
    "name": "General Chemistry I",
    "subjectCode": "CHEM",
  },
  Object {
    "courseNumber": "134",
    "creditHours": 4,
    "name": "General Chemistry IA",
    "subjectCode": "CHEM",
  },
  Object {
    "courseNumber": "136",
    "creditHours": 4,
    "name": "General Chemistry IIA",
    "subjectCode": "CHEM",
  },
  Object {
    "courseNumber": "144",
    "creditHours": Array [
      0,
      4,
    ],
    "name": "Gen Chemistry IB",
    "subjectCode": "CHEM",
  },
  Object {
    "courseNumber": "146",
    "creditHours": Array [
      0,
      4,
    ],
    "name": "General Chemistry IIB",
    "subjectCode": "CHEM",
  },
  Object {
    "courseNumber": "225",
    "creditHours": 3,
    "name": "Organic Chemistry I",
    "subjectCode": "CHEM",
  },
  Object {
    "courseNumber": "225R",
    "creditHours": 0,
    "name": "Organic Chemistry I Recitation",
    "subjectCode": "CHEM",
  },
  Object {
    "courseNumber": "226",
    "creditHours": 3,
    "name": "Organic Chemistry II",
    "subjectCode": "CHEM",
  },
  Object {
    "courseNumber": "226R",
    "creditHours": 0,
    "name": "Organic Chemistry II Rec",
    "subjectCode": "CHEM",
  },
  Object {
    "courseNumber": "227",
    "creditHours": 2,
    "name": "Organic Chemistry Laboratory",
    "subjectCode": "CHEM",
  },
  Object {
    "courseNumber": "285",
    "creditHours": 1,
    "name": "Introduction to Glass Blowing",
    "subjectCode": "CHEM",
  },
  Object {
    "courseNumber": "303",
    "creditHours": 3,
    "name": "Inorganic Chemistry I",
    "subjectCode": "CHEM",
  },
  Object {
    "courseNumber": "325",
    "creditHours": 3,
    "name": "Principles of Organic Chem",
    "subjectCode": "CHEM",
  },
  Object {
    "courseNumber": "344",
    "creditHours": 4,
    "name": "Quantitative Analysis",
    "subjectCode": "CHEM",
  },
  Object {
    "courseNumber": "348",
    "creditHours": 3,
    "name": "Environmental Chemistry",
    "subjectCode": "CHEM",
  },
  Object {
    "courseNumber": "349",
    "creditHours": 1,
    "name": "Environmental Chem Laboratory",
    "subjectCode": "CHEM",
  },
  Object {
    "courseNumber": "352",
    "creditHours": 3,
    "name": "Introduction to Toxicology",
    "subjectCode": "CHEM",
  },
  Object {
    "courseNumber": "368",
    "creditHours": 3,
    "name": "Physical Chemistry I",
    "subjectCode": "CHEM",
  },
  Object {
    "courseNumber": "370",
    "creditHours": 3,
    "name": "Principles of Biochemistry",
    "subjectCode": "CHEM",
  },
  Object {
    "courseNumber": "390",
    "creditHours": Array [
      1,
      3,
    ],
    "name": "Current Topics in Chemistry",
    "subjectCode": "CHEM",
  },
  Object {
    "courseNumber": "397",
    "creditHours": 3,
    "name": "Current Topics in Chemistry",
    "subjectCode": "CHEM",
  },
  Object {
    "courseNumber": "403",
    "creditHours": 3,
    "name": "Inorganic Chemistry II",
    "subjectCode": "CHEM",
  },
  Object {
    "courseNumber": "426",
    "creditHours": 3,
    "name": "Advanced Organic Chemistry",
    "subjectCode": "CHEM",
  },
  Object {
    "courseNumber": "430",
    "creditHours": 3,
    "name": "Bioinorganic Chemistry",
    "subjectCode": "CHEM",
  },
  Object {
    "courseNumber": "435",
    "creditHours": 3,
    "name": "Green Chemistry",
    "subjectCode": "CHEM",
  },
  Object {
    "courseNumber": "436",
    "creditHours": 3,
    "name": "Polymer Chemistry",
    "subjectCode": "CHEM",
  },
  Object {
    "courseNumber": "437",
    "creditHours": 3,
    "name": "Nano-Biotechnology",
    "subjectCode": "CHEM",
  },
  Object {
    "courseNumber": "447",
    "creditHours": Array [
      0,
      4,
    ],
    "name": "Instrumental Methods of Analys",
    "subjectCode": "CHEM",
  },
  Object {
    "courseNumber": "450",
    "creditHours": 1,
    "name": "Adv Org Syn & Character Lab",
    "subjectCode": "CHEM",
  },
  Object {
    "courseNumber": "452",
    "creditHours": 1,
    "name": "Adv Inorg Synth & Char Lab",
    "subjectCode": "CHEM",
  },
  Object {
    "courseNumber": "469",
    "creditHours": 3,
    "name": "Physical Chemistry II",
    "subjectCode": "CHEM",
  },
  Object {
    "courseNumber": "470",
    "creditHours": 3,
    "name": "Biochemistry I",
    "subjectCode": "CHEM",
  },
  Object {
    "courseNumber": "471",
    "creditHours": 3,
    "name": "Biochemistry II",
    "subjectCode": "CHEM",
  },
  Object {
    "courseNumber": "472",
    "creditHours": 1,
    "name": "Biochemistry Laboratory I",
    "subjectCode": "CHEM",
  },
  Object {
    "courseNumber": "473",
    "creditHours": 1,
    "name": "Biochemistry Laboratory II",
    "subjectCode": "CHEM",
  },
  Object {
    "courseNumber": "481",
    "creditHours": 2,
    "name": "Physicochemical  Measurements",
    "subjectCode": "CHEM",
  },
  Object {
    "courseNumber": "490",
    "creditHours": Array [
      1,
      3,
    ],
    "name": "Topics in Chemistry",
    "subjectCode": "CHEM",
  },
  Object {
    "courseNumber": "490D",
    "creditHours": 3,
    "name": "Topics in Chemistry",
    "subjectCode": "CHEM",
  },
  Object {
    "courseNumber": "493",
    "creditHours": 1,
    "name": "Presentations in Chemistry",
    "subjectCode": "CHEM",
  },
  Object {
    "courseNumber": "495",
    "creditHours": Array [
      1,
      3,
    ],
    "name": "Off-Campus Research Participat",
    "subjectCode": "CHEM",
  },
  Object {
    "courseNumber": "497",
    "creditHours": 1,
    "name": "Seminar in Chemistry",
    "subjectCode": "CHEM",
  },
  Object {
    "courseNumber": "498",
    "creditHours": Array [
      1,
      3,
    ],
    "name": "Readings in Chemistry",
    "subjectCode": "CHEM",
  },
  Object {
    "courseNumber": "499",
    "creditHours": Array [
      1,
      3,
    ],
    "name": "Laboratory Research in Chem",
    "subjectCode": "CHEM",
  },
]
`;

exports[`courses parse parses the course block correctly for CIS 1`] = `
Array [
  Object {
    "courseNumber": "112",
    "creditHours": 3,
    "name": "Computer Literacy/Info Mgmt",
    "subjectCode": "CIS",
  },
  Object {
    "courseNumber": "125",
    "creditHours": 3,
    "name": "Survey of Computer Science",
    "subjectCode": "CIS",
  },
  Object {
    "courseNumber": "150",
    "creditHours": 4,
    "name": "Computer Science I",
    "subjectCode": "CIS",
  },
  Object {
    "courseNumber": "1501",
    "creditHours": 4,
    "name": "CS I for Data Scientists",
    "subjectCode": "CIS",
  },
  Object {
    "courseNumber": "167",
    "creditHours": 3,
    "name": "Proxy Server",
    "subjectCode": "CIS",
  },
  Object {
    "courseNumber": "200",
    "creditHours": 4,
    "name": "Computer Science II",
    "subjectCode": "CIS",
  },
  Object {
    "courseNumber": "2001",
    "creditHours": 4,
    "name": "CS II for Data Scientists",
    "subjectCode": "CIS",
  },
  Object {
    "courseNumber": "205",
    "creditHours": 3,
    "name": "Comp Programming for Engineers",
    "subjectCode": "CIS",
  },
  Object {
    "courseNumber": "275",
    "creditHours": 4,
    "name": "Discrete Structures I",
    "subjectCode": "CIS",
  },
  Object {
    "courseNumber": "280",
    "creditHours": 3,
    "name": "Prac Aspects of Computer Sec",
    "subjectCode": "CIS",
  },
  Object {
    "courseNumber": "285",
    "creditHours": 3,
    "name": "Software Engineering Tools",
    "subjectCode": "CIS",
  },
  Object {
    "courseNumber": "290",
    "creditHours": 2,
    "name": "Topic in Programming Languages",
    "subjectCode": "CIS",
  },
  Object {
    "courseNumber": "290A",
    "creditHours": 2,
    "name": "Topic in Programming Languages",
    "subjectCode": "CIS",
  },
  Object {
    "courseNumber": "294",
    "creditHours": 3,
    "name": "Programming with Visual Basic",
    "subjectCode": "CIS",
  },
  Object {
    "courseNumber": "296",
    "creditHours": 3,
    "name": "Java Programming",
    "subjectCode": "CIS",
  },
  Object {
    "courseNumber": "297",
    "creditHours": 3,
    "name": "Intro to C Sharp",
    "subjectCode": "CIS",
  },
  Object {
    "courseNumber": "299",
    "creditHours": 1,
    "name": "Internship",
    "subjectCode": "CIS",
  },
  Object {
    "courseNumber": "306",
    "creditHours": 4,
    "name": "Discrete Structures II",
    "subjectCode": "CIS",
  },
  Object {
    "courseNumber": "310",
    "creditHours": 4,
    "name": "Computer Org and Assembly Lang",
    "subjectCode": "CIS",
  },
  Object {
    "courseNumber": "3200",
    "creditHours": 4,
    "name": "Data Science II",
    "subjectCode": "CIS",
  },
  Object {
    "courseNumber": "350",
    "creditHours": 4,
    "name": "Data Struc and Algorithm Anlys",
    "subjectCode": "CIS",
  },
  Object {
    "courseNumber": "3501",
    "creditHours": 4,
    "name": "Data Struc & Alg Anlys for SE",
    "subjectCode": "CIS",
  },
  Object {
    "courseNumber": "375",
    "creditHours": 4,
    "name": "Software Engineering I",
    "subjectCode": "CIS",
  },
  Object {
    "courseNumber": "376",
    "creditHours": 4,
    "name": "Software Engineering II",
    "subjectCode": "CIS",
  },
  Object {
    "courseNumber": "381",
    "creditHours": 4,
    "name": "Industrial Robots",
    "subjectCode": "CIS",
  },
  Object {
    "courseNumber": "387",
    "creditHours": 4,
    "name": "Digital Forensics I",
    "subjectCode": "CIS",
  },
  Object {
    "courseNumber": "390",
    "creditHours": Array [
      1,
      3,
    ],
    "name": "Topics in Computer Science",
    "subjectCode": "CIS",
  },
  Object {
    "courseNumber": "391",
    "creditHours": Array [
      1,
      3,
    ],
    "name": "Topics in Computer Science II",
    "subjectCode": "CIS",
  },
  Object {
    "courseNumber": "399",
    "creditHours": 1,
    "name": "Internship",
    "subjectCode": "CIS",
  },
  Object {
    "courseNumber": "400",
    "creditHours": 4,
    "name": "Programming Languages",
    "subjectCode": "CIS",
  },
  Object {
    "courseNumber": "405",
    "creditHours": 3,
    "name": "Algorithm Analysis & Design",
    "subjectCode": "CIS",
  },
  Object {
    "courseNumber": "421",
    "creditHours": 4,
    "name": "Database Mgmt Systems",
    "subjectCode": "CIS",
  },
  Object {
    "courseNumber": "422",
    "creditHours": 4,
    "name": "Massive Data Management",
    "subjectCode": "CIS",
  },
  Object {
    "courseNumber": "423",
    "creditHours": 3,
    "name": "Dec Support and Exp Systems",
    "subjectCode": "CIS",
  },
  Object {
    "courseNumber": "425",
    "creditHours": 4,
    "name": "Information Systems",
    "subjectCode": "CIS",
  },
  Object {
    "courseNumber": "4261",
    "creditHours": 4,
    "name": "Inf Sys Analysis & Design I",
    "subjectCode": "CIS",
  },
  Object {
    "courseNumber": "4262",
    "creditHours": 4,
    "name": "Inf Sys Analysis & Design II",
    "subjectCode": "CIS",
  },
  Object {
    "courseNumber": "427",
    "creditHours": 4,
    "name": "Comp Networks and Dis Process",
    "subjectCode": "CIS",
  },
  Object {
    "courseNumber": "428",
    "creditHours": 3,
    "name": "High Speed Network Admin",
    "subjectCode": "CIS",
  },
  Object {
    "courseNumber": "435",
    "creditHours": 3,
    "name": "Web Technology",
    "subjectCode": "CIS",
  },
  Object {
    "courseNumber": "436",
    "creditHours": 3,
    "name": "Mobile App Des & Impl",
    "subjectCode": "CIS",
  },
  Object {
    "courseNumber": "437",
    "creditHours": 3,
    "name": "Advanced Networking",
    "subjectCode": "CIS",
  },
  Object {
    "courseNumber": "447",
    "creditHours": 3,
    "name": "Intro Computr & Ntwrk Security",
    "subjectCode": "CIS",
  },
  Object {
    "courseNumber": "450",
    "creditHours": Array [
      3,
      4,
    ],
    "name": "Operating Systems",
    "subjectCode": "CIS",
  },
  Object {
    "courseNumber": "451",
    "creditHours": 3,
    "name": "Computer Graphics",
    "subjectCode": "CIS",
  },
  Object {
    "courseNumber": "452",
    "creditHours": 3,
    "name": "Inf Vis & Multimedia Gaming",
    "subjectCode": "CIS",
  },
  Object {
    "courseNumber": "456",
    "creditHours": 3,
    "name": "Windows Programming",
    "subjectCode": "CIS",
  },
  Object {
    "courseNumber": "467",
    "creditHours": 4,
    "name": "Digital Forensics II",
    "subjectCode": "CIS",
  },
  Object {
    "courseNumber": "474",
    "creditHours": 3,
    "name": "Compiler Design",
    "subjectCode": "CIS",
  },
  Object {
    "courseNumber": "475",
    "creditHours": 3,
    "name": "Software Engineering Seminar",
    "subjectCode": "CIS",
  },
  Object {
    "courseNumber": "476",
    "creditHours": 3,
    "name": "Soft Arch & Design Patterns",
    "subjectCode": "CIS",
  },
  Object {
    "courseNumber": "479",
    "creditHours": 3,
    "name": "Intro to Artificial Intel",
    "subjectCode": "CIS",
  },
  Object {
    "courseNumber": "481",
    "creditHours": 3,
    "name": "Computational Learning",
    "subjectCode": "CIS",
  },
  Object {
    "courseNumber": "4851",
    "creditHours": 3,
    "name": "Data Security and Privacy",
    "subjectCode": "CIS",
  },
  Object {
    "courseNumber": "487",
    "creditHours": 3,
    "name": "Computer Game Design & Implem",
    "subjectCode": "CIS",
  },
  Object {
    "courseNumber": "488",
    "creditHours": 3,
    "name": "Computer Game Design II",
    "subjectCode": "CIS",
  },
  Object {
    "courseNumber": "490",
    "creditHours": Array [
      1,
      3,
    ],
    "name": "Advanced Topics",
    "subjectCode": "CIS",
  },
  Object {
    "courseNumber": "490G",
    "creditHours": 3,
    "name": "Adv Topics in Computer Science",
    "subjectCode": "CIS",
  },
  Object {
    "courseNumber": "491",
    "creditHours": Array [
      1,
      4,
    ],
    "name": "Research Project I",
    "subjectCode": "CIS",
  },
  Object {
    "courseNumber": "492",
    "creditHours": Array [
      1,
      4,
    ],
    "name": "Research Project II",
    "subjectCode": "CIS",
  },
  Object {
    "courseNumber": "493",
    "creditHours": Array [
      1,
      4,
    ],
    "name": "Independent Study I",
    "subjectCode": "CIS",
  },
  Object {
    "courseNumber": "494",
    "creditHours": Array [
      1,
      4,
    ],
    "name": "Independent Study II",
    "subjectCode": "CIS",
  },
  Object {
    "courseNumber": "495",
    "creditHours": 4,
    "name": "Design Seminar",
    "subjectCode": "CIS",
  },
  Object {
    "courseNumber": "4951",
    "creditHours": 2,
    "name": "Design Seminar I",
    "subjectCode": "CIS",
  },
  Object {
    "courseNumber": "4952",
    "creditHours": 2,
    "name": "Design Seminar II",
    "subjectCode": "CIS",
  },
  Object {
    "courseNumber": "496",
    "creditHours": 4,
    "name": "Design Seminar for SE",
    "subjectCode": "CIS",
  },
  Object {
    "courseNumber": "4961",
    "creditHours": 2,
    "name": "Design Seminar for SE I",
    "subjectCode": "CIS",
  },
  Object {
    "courseNumber": "4962",
    "creditHours": 2,
    "name": "Design Seminar for SE II",
    "subjectCode": "CIS",
  },
  Object {
    "courseNumber": "4971",
    "creditHours": 2,
    "name": "Cap Sem for Data Sci I",
    "subjectCode": "CIS",
  },
  Object {
    "courseNumber": "4972",
    "creditHours": 2,
    "name": "Cap Proj for Data Sci II",
    "subjectCode": "CIS",
  },
  Object {
    "courseNumber": "499",
    "creditHours": 1,
    "name": "Internship",
    "subjectCode": "CIS",
  },
]
`;
